[[1;34mINFO[m] Scanning for projects...
[[1;34mINFO[m] 
[[1;34mINFO[m] [1m---------------------< [0;36mcom.restaurante:resturante[0;1m >---------------------[m
[[1;34mINFO[m] [1mBuilding resturante 0.0.1-SNAPSHOT[m
[[1;34mINFO[m] [1m--------------------------------[ jar ]---------------------------------[m
[[1;34mINFO[m] 
[[1;34mINFO[m] [1m--- [0;32mmaven-resources-plugin:3.3.1:resources[m [1m(default-resources)[m @ [36mresturante[0;1m ---[m
[[1;34mINFO[m] Copying 1 resource from src/main/resources to target/classes
[[1;34mINFO[m] Copying 1 resource from src/main/resources to target/classes
[[1;34mINFO[m] 
[[1;34mINFO[m] [1m--- [0;32mmaven-compiler-plugin:3.14.1:compile[m [1m(default-compile)[m @ [36mresturante[0;1m ---[m
[[1;34mINFO[m] Nothing to compile - all classes are up to date.
[[1;34mINFO[m] 
[[1;34mINFO[m] [1m--- [0;32mmaven-resources-plugin:3.3.1:testResources[m [1m(default-testResources)[m @ [36mresturante[0;1m ---[m
[[1;34mINFO[m] skip non existing resourceDirectory /home/master/sistema-mesas/backend/resturante/src/test/resources
[[1;34mINFO[m] 
[[1;34mINFO[m] [1m--- [0;32mmaven-compiler-plugin:3.14.1:testCompile[m [1m(default-testCompile)[m @ [36mresturante[0;1m ---[m
[[1;34mINFO[m] Recompiling the module because of [1mchanged source code[m.
[[1;34mINFO[m] Compiling 6 source files with javac [debug parameters release 17] to target/test-classes
[[1;34mINFO[m] -------------------------------------------------------------
[[1;31mERROR[m] COMPILATION ERROR : 
[[1;34mINFO[m] -------------------------------------------------------------
[[1;31mERROR[m] /home/master/sistema-mesas/backend/resturante/src/test/java/com/restaurante/resturante/maestros/EmpresaServiceTest.java:[48,32] constructor CreateEmpresaDto in record com.restaurante.resturante.dto.maestro.CreateEmpresaDto cannot be applied to given types;
  required: java.lang.String,java.lang.String,java.lang.String,java.lang.String,java.lang.String,java.lang.String,java.lang.String,java.lang.String,java.lang.String,java.lang.String,java.lang.Boolean,java.lang.String
  found:    java.lang.String,java.lang.String,java.lang.String,java.lang.String,java.lang.String,java.lang.String,java.lang.String
  reason: actual and formal argument lists differ in length
[[1;31mERROR[m] /home/master/sistema-mesas/backend/resturante/src/test/java/com/restaurante/resturante/maestros/EmpresaServiceTest.java:[59,29] constructor EmpresaDto in record com.restaurante.resturante.dto.maestro.EmpresaDto cannot be applied to given types;
  required: java.lang.String,java.lang.String,java.lang.String,java.lang.String,java.lang.String,java.lang.String,java.lang.String,java.lang.String,java.lang.String,java.lang.String,java.lang.String,java.lang.Boolean,java.lang.String,java.util.List<com.restaurante.resturante.dto.maestro.SucursalDto>
  found:    java.lang.String,java.lang.String,java.lang.String,java.lang.String,java.lang.String,java.lang.String,java.lang.String,java.lang.String,java.util.List<java.lang.Object>
  reason: actual and formal argument lists differ in length
[[1;31mERROR[m] /home/master/sistema-mesas/backend/resturante/src/test/java/com/restaurante/resturante/maestros/EmpresaServiceTest.java:[75,32] constructor CreateEmpresaDto in record com.restaurante.resturante.dto.maestro.CreateEmpresaDto cannot be applied to given types;
  required: java.lang.String,java.lang.String,java.lang.String,java.lang.String,java.lang.String,java.lang.String,java.lang.String,java.lang.String,java.lang.String,java.lang.String,java.lang.Boolean,java.lang.String
  found:    java.lang.String,java.lang.String,java.lang.String,java.lang.String,java.lang.String,java.lang.String,java.lang.String
  reason: actual and formal argument lists differ in length
[[1;31mERROR[m] /home/master/sistema-mesas/backend/resturante/src/test/java/com/restaurante/resturante/maestros/EmpresaServiceTest.java:[91,38] constructor CreateEmpresaDto in record com.restaurante.resturante.dto.maestro.CreateEmpresaDto cannot be applied to given types;
  required: java.lang.String,java.lang.String,java.lang.String,java.lang.String,java.lang.String,java.lang.String,java.lang.String,java.lang.String,java.lang.String,java.lang.String,java.lang.Boolean,java.lang.String
  found:    java.lang.String,java.lang.String,<nulltype>,<nulltype>,java.lang.String,<nulltype>,<nulltype>
  reason: actual and formal argument lists differ in length
[[1;34mINFO[m] 4 errors 
[[1;34mINFO[m] -------------------------------------------------------------
[[1;34mINFO[m] [1m------------------------------------------------------------------------[m
[[1;34mINFO[m] [1;31mBUILD FAILURE[m
[[1;34mINFO[m] [1m------------------------------------------------------------------------[m
[[1;34mINFO[m] Total time:  3.467 s
[[1;34mINFO[m] Finished at: 2026-05-09T13:31:44-05:00
[[1;34mINFO[m] [1m------------------------------------------------------------------------[m
[[1;31mERROR[m] Failed to execute goal [32morg.apache.maven.plugins:maven-compiler-plugin:3.14.1:testCompile[m [1m(default-testCompile)[m on project [36mresturante[m: [1;31mCompilation failure[m: Compilation failure: 
[[1;31mERROR[m] /home/master/sistema-mesas/backend/resturante/src/test/java/com/restaurante/resturante/maestros/EmpresaServiceTest.java:[48,32] constructor CreateEmpresaDto in record com.restaurante.resturante.dto.maestro.CreateEmpresaDto cannot be applied to given types;
[[1;31mERROR[m]   required: java.lang.String,java.lang.String,java.lang.String,java.lang.String,java.lang.String,java.lang.String,java.lang.String,java.lang.String,java.lang.String,java.lang.String,java.lang.Boolean,java.lang.String
[[1;31mERROR[m]   found:    java.lang.String,java.lang.String,java.lang.String,java.lang.String,java.lang.String,java.lang.String,java.lang.String
[[1;31mERROR[m]   reason: actual and formal argument lists differ in length
[[1;31mERROR[m] /home/master/sistema-mesas/backend/resturante/src/test/java/com/restaurante/resturante/maestros/EmpresaServiceTest.java:[59,29] constructor EmpresaDto in record com.restaurante.resturante.dto.maestro.EmpresaDto cannot be applied to given types;
[[1;31mERROR[m]   required: java.lang.String,java.lang.String,java.lang.String,java.lang.String,java.lang.String,java.lang.String,java.lang.String,java.lang.String,java.lang.String,java.lang.String,java.lang.String,java.lang.Boolean,java.lang.String,java.util.List<com.restaurante.resturante.dto.maestro.SucursalDto>
[[1;31mERROR[m]   found:    java.lang.String,java.lang.String,java.lang.String,java.lang.String,java.lang.String,java.lang.String,java.lang.String,java.lang.String,java.util.List<java.lang.Object>
[[1;31mERROR[m]   reason: actual and formal argument lists differ in length
[[1;31mERROR[m] /home/master/sistema-mesas/backend/resturante/src/test/java/com/restaurante/resturante/maestros/EmpresaServiceTest.java:[75,32] constructor CreateEmpresaDto in record com.restaurante.resturante.dto.maestro.CreateEmpresaDto cannot be applied to given types;
[[1;31mERROR[m]   required: java.lang.String,java.lang.String,java.lang.String,java.lang.String,java.lang.String,java.lang.String,java.lang.String,java.lang.String,java.lang.String,java.lang.String,java.lang.Boolean,java.lang.String
[[1;31mERROR[m]   found:    java.lang.String,java.lang.String,java.lang.String,java.lang.String,java.lang.String,java.lang.String,java.lang.String
[[1;31mERROR[m]   reason: actual and formal argument lists differ in length
[[1;31mERROR[m] /home/master/sistema-mesas/backend/resturante/src/test/java/com/restaurante/resturante/maestros/EmpresaServiceTest.java:[91,38] constructor CreateEmpresaDto in record com.restaurante.resturante.dto.maestro.CreateEmpresaDto cannot be applied to given types;
[[1;31mERROR[m]   required: java.lang.String,java.lang.String,java.lang.String,java.lang.String,java.lang.String,java.lang.String,java.lang.String,java.lang.String,java.lang.String,java.lang.String,java.lang.Boolean,java.lang.String
[[1;31mERROR[m]   found:    java.lang.String,java.lang.String,<nulltype>,<nulltype>,java.lang.String,<nulltype>,<nulltype>
[[1;31mERROR[m]   reason: actual and formal argument lists differ in length
[[1;31mERROR[m] -> [1m[Help 1][m
[[1;31mERROR[m] 
[[1;31mERROR[m] To see the full stack trace of the errors, re-run Maven with the [1m-e[m switch.
[[1;31mERROR[m] Re-run Maven using the [1m-X[m switch to enable full debug logging.
[[1;31mERROR[m] 
[[1;31mERROR[m] For more information about the errors and possible solutions, please read the following articles:
[[1;31mERROR[m] [1m[Help 1][m http://cwiki.apache.org/confluence/display/MAVEN/MojoFailureException
